WARNING: A terminally deprecated method in sun.misc.Unsafe has been called
WARNING: sun.misc.Unsafe::staticFieldBase has been called by com.google.inject.internal.aop.HiddenClassDefiner (file:/C:/Users/vasin/.m2/wrapper/dists/apache-maven-3.9.11-bin/6mqf5t809d9geo83kj4ttckcbc/apache-maven-3.9.11/lib/guice-5.1.0-classes.jar)
WARNING: Please consider reporting this to the maintainers of class com.google.inject.internal.aop.HiddenClassDefiner
WARNING: sun.misc.Unsafe::staticFieldBase will be removed in a future release
[INFO] Scanning for projects...
[INFO] ------------------------------------------------------------------------
[INFO] Reactor Build Order:
[INFO] 
[INFO] data-generator                                                     [pom]
[INFO] data-generator-common                                              [pom]
[INFO] data-generator-core                                                [jar]
[INFO] data-generator-reader                                              [pom]
[INFO] data-generator-writer                                              [pom]
[INFO] data-generator-writer-kafka                                        [jar]
[INFO] data-generator-reader-elasticsearch                                [jar]
[INFO] data-generator-writer-elasticsearch                                [jar]
[INFO] 
[INFO] -------------< org.gensokyo.data.generator:data-generator >-------------
[INFO] Building data-generator 3.0.0-SNAPSHOT                             [1/8]
[INFO]   from pom.xml
[INFO] --------------------------------[ pom ]---------------------------------
[INFO] 
[INFO] ---------< org.gensokyo.data.generator:data-generator-common >----------
[INFO] Building data-generator-common 3.0.0-SNAPSHOT                      [2/8]
[INFO]   from data-generator-common\pom.xml
[INFO] --------------------------------[ pom ]---------------------------------
[INFO] 
[INFO] ----------< org.gensokyo.data.generator:data-generator-core >-----------
[INFO] Building data-generator-core 3.0.0-SNAPSHOT                        [3/8]
[INFO]   from data-generator-common\data-generator-core\pom.xml
[INFO] --------------------------------[ jar ]---------------------------------
[INFO] 
[INFO] --- resources:3.3.1:resources (default-resources) @ data-generator-core ---
[INFO] Copying 1 resource from src\main\resources to target\classes
[INFO] 
[INFO] --- compiler:3.14.1:compile (default-compile) @ data-generator-core ---
[INFO] Nothing to compile - all classes are up to date.
[INFO] 
[INFO] ---------< org.gensokyo.data.generator:data-generator-reader >----------
[INFO] Building data-generator-reader 3.0.0-SNAPSHOT                      [4/8]
[INFO]   from data-generator-reader\pom.xml
[INFO] --------------------------------[ pom ]---------------------------------
[INFO] 
[INFO] ---------< org.gensokyo.data.generator:data-generator-writer >----------
[INFO] Building data-generator-writer 3.0.0-SNAPSHOT                      [5/8]
[INFO]   from data-generator-writer\pom.xml
[INFO] --------------------------------[ pom ]---------------------------------
[INFO] 
[INFO] ------< org.gensokyo.data.generator:data-generator-writer-kafka >-------
[INFO] Building data-generator-writer-kafka 3.0.0-SNAPSHOT                [6/8]
[INFO]   from data-generator-writer\data-generator-writer-kafka\pom.xml
[INFO] --------------------------------[ jar ]---------------------------------
[INFO] 
[INFO] --- resources:3.3.1:resources (default-resources) @ data-generator-writer-kafka ---
[INFO] Copying 1 resource from src\main\resources to target\classes
[INFO] 
[INFO] --- compiler:3.14.1:compile (default-compile) @ data-generator-writer-kafka ---
[INFO] Nothing to compile - all classes are up to date.
[INFO] 
[INFO] --< org.gensokyo.data.generator:data-generator-reader-elasticsearch >---
[INFO] Building data-generator-reader-elasticsearch 3.0.0-SNAPSHOT        [7/8]
[INFO]   from data-generator-reader\data-generator-reader-elasticsearch\pom.xml
[INFO] --------------------------------[ jar ]---------------------------------
[INFO] 
[INFO] --- resources:3.3.1:resources (default-resources) @ data-generator-reader-elasticsearch ---
[INFO] Copying 1 resource from src\main\resources to target\classes
[INFO] 
[INFO] --- compiler:3.14.1:compile (default-compile) @ data-generator-reader-elasticsearch ---
[INFO] Nothing to compile - all classes are up to date.
[INFO] 
[INFO] --< org.gensokyo.data.generator:data-generator-writer-elasticsearch >---
[INFO] Building data-generator-writer-elasticsearch 3.0.0-SNAPSHOT        [8/8]
[INFO]   from data-generator-writer\data-generator-writer-elasticsearch\pom.xml
[INFO] --------------------------------[ jar ]---------------------------------
[INFO] 
[INFO] --- resources:3.3.1:resources (default-resources) @ data-generator-writer-elasticsearch ---
[INFO] Copying 1 resource from src\main\resources to target\classes
[INFO] 
[INFO] --- compiler:3.14.1:compile (default-compile) @ data-generator-writer-elasticsearch ---
[INFO] Nothing to compile - all classes are up to date.
[INFO] ------------------------------------------------------------------------
[INFO] Reactor Summary for data-generator 3.0.0-SNAPSHOT:
[INFO] 
[INFO] data-generator ..................................... SUCCESS [  0.029 s]
[INFO] data-generator-common .............................. SUCCESS [  0.003 s]
[INFO] data-generator-core ................................ SUCCESS [ 10.992 s]
[INFO] data-generator-reader .............................. SUCCESS [  0.020 s]
[INFO] data-generator-writer .............................. SUCCESS [  0.002 s]
[INFO] data-generator-writer-kafka ........................ SUCCESS [  2.320 s]
[INFO] data-generator-reader-elasticsearch ................ SUCCESS [  3.702 s]
[INFO] data-generator-writer-elasticsearch ................ SUCCESS [  3.990 s]
[INFO] ------------------------------------------------------------------------
[INFO] BUILD SUCCESS
[INFO] ------------------------------------------------------------------------
[INFO] Total time:  25.436 s
[INFO] Finished at: 2026-04-27T10:10:45+08:00
[INFO] ------------------------------------------------------------------------
