WARNING: A terminally deprecated method in sun.misc.Unsafe has been called
WARNING: sun.misc.Unsafe::staticFieldBase has been called by com.google.inject.internal.aop.HiddenClassDefiner (file:/C:/Users/vasin/.m2/wrapper/dists/apache-maven-3.9.11-bin/6mqf5t809d9geo83kj4ttckcbc/apache-maven-3.9.11/lib/guice-5.1.0-classes.jar)
WARNING: Please consider reporting this to the maintainers of class com.google.inject.internal.aop.HiddenClassDefiner
WARNING: sun.misc.Unsafe::staticFieldBase will be removed in a future release
[INFO] Scanning for projects...
[INFO] ------------------------------------------------------------------------
[INFO] Reactor Build Order:
[INFO] 
[INFO] data-generator                                                     [pom]
[INFO] data-generator-common                                              [pom]
[INFO] data-generator-core                                                [jar]
[INFO] data-generator-database-core                                       [jar]
[INFO] data-generator-iterator                                            [pom]
[INFO] data-generator-iterator-number                                     [jar]
[INFO] data-generator-iterator-constant                                   [jar]
[INFO] data-generator-iterator-datetime                                   [jar]
[INFO] data-generator-reader                                              [pom]
[INFO] data-generator-reader-database                                     [jar]
[INFO] data-generator-iterator-database                                   [jar]
[INFO] data-generator-iterator-excel                                      [jar]
[INFO] data-generator-iterator-csv                                        [jar]
[INFO] data-generator-iterator-json                                       [jar]
[INFO] data-generator-generator                                           [pom]
[INFO] data-generator-generator-async                                     [jar]
[INFO] data-generator-generator-sync                                      [jar]
[INFO] data-generator-stage                                               [jar]
[INFO] data-generator-faker                                               [jar]
[INFO] data-generator-reader-spel                                         [jar]
[INFO] data-generator-reader-ai                                           [jar]
[INFO] data-generator-reader-excel                                        [jar]
[INFO] data-generator-reader-json                                         [jar]
[INFO] data-generator-reader-csv                                          [jar]
[INFO] data-generator-scripter                                            [pom]
[INFO] data-generator-scripter-spel                                       [jar]
[INFO] data-generator-writer                                              [pom]
[INFO] data-generator-writer-database                                     [jar]
[INFO] data-generator-writer-kafka                                        [jar]
[INFO] data-generator-writer-csv                                          [jar]
[INFO] data-generator-writer-excel                                        [jar]
[INFO] data-generator-service                                             [jar]
[INFO] 
[INFO] -------------< org.gensokyo.data.generator:data-generator >-------------
[INFO] Building data-generator 3.0.0-SNAPSHOT                            [1/32]
[INFO]   from pom.xml
[INFO] --------------------------------[ pom ]---------------------------------
[INFO] 
[INFO] ---------< org.gensokyo.data.generator:data-generator-common >----------
[INFO] Building data-generator-common 3.0.0-SNAPSHOT                     [2/32]
[INFO]   from data-generator-common\pom.xml
[INFO] --------------------------------[ pom ]---------------------------------
[INFO] 
[INFO] ----------< org.gensokyo.data.generator:data-generator-core >-----------
[INFO] Building data-generator-core 3.0.0-SNAPSHOT                       [3/32]
[INFO]   from data-generator-common\data-generator-core\pom.xml
[INFO] --------------------------------[ jar ]---------------------------------
[INFO] 
[INFO] --- resources:3.3.1:resources (default-resources) @ data-generator-core ---
[INFO] Copying 1 resource from src\main\resources to target\classes
[INFO] 
[INFO] --- compiler:3.14.1:compile (default-compile) @ data-generator-core ---
[INFO] Nothing to compile - all classes are up to date.
[INFO] 
[INFO] ------< org.gensokyo.data.generator:data-generator-database-core >------
[INFO] Building data-generator-database-core 3.0.0-SNAPSHOT              [4/32]
[INFO]   from data-generator-common\data-generator-database-core\pom.xml
[INFO] --------------------------------[ jar ]---------------------------------
[INFO] 
[INFO] --- resources:3.3.1:resources (default-resources) @ data-generator-database-core ---
[INFO] Copying 0 resource from src\main\resources to target\classes
[INFO] 
[INFO] --- compiler:3.14.1:compile (default-compile) @ data-generator-database-core ---
[INFO] Nothing to compile - all classes are up to date.
[INFO] 
[INFO] --------< org.gensokyo.data.generator:data-generator-iterator >---------
[INFO] Building data-generator-iterator 3.0.0-SNAPSHOT                   [5/32]
[INFO]   from data-generator-iterator\pom.xml
[INFO] --------------------------------[ pom ]---------------------------------
[INFO] 
[INFO] -----< org.gensokyo.data.generator:data-generator-iterator-number >-----
[INFO] Building data-generator-iterator-number 3.0.0-SNAPSHOT            [6/32]
[INFO]   from data-generator-iterator\data-generator-iterator-number\pom.xml
[INFO] --------------------------------[ jar ]---------------------------------
[INFO] 
[INFO] --- resources:3.3.1:resources (default-resources) @ data-generator-iterator-number ---
[INFO] Copying 1 resource from src\main\resources to target\classes
[INFO] 
[INFO] --- compiler:3.14.1:compile (default-compile) @ data-generator-iterator-number ---
[INFO] Nothing to compile - all classes are up to date.
[INFO] 
[INFO] ----< org.gensokyo.data.generator:data-generator-iterator-constant >----
[INFO] Building data-generator-iterator-constant 3.0.0-SNAPSHOT          [7/32]
[INFO]   from data-generator-iterator\data-generator-iterator-constant\pom.xml
[INFO] --------------------------------[ jar ]---------------------------------
[INFO] 
[INFO] --- resources:3.3.1:resources (default-resources) @ data-generator-iterator-constant ---
[INFO] Copying 1 resource from src\main\resources to target\classes
[INFO] 
[INFO] --- compiler:3.14.1:compile (default-compile) @ data-generator-iterator-constant ---
[INFO] Nothing to compile - all classes are up to date.
[INFO] 
[INFO] ----< org.gensokyo.data.generator:data-generator-iterator-datetime >----
[INFO] Building data-generator-iterator-datetime 3.0.0-SNAPSHOT          [8/32]
[INFO]   from data-generator-iterator\data-generator-iterator-datetime\pom.xml
[INFO] --------------------------------[ jar ]---------------------------------
[INFO] 
[INFO] --- resources:3.3.1:resources (default-resources) @ data-generator-iterator-datetime ---
[INFO] Copying 1 resource from src\main\resources to target\classes
[INFO] 
[INFO] --- compiler:3.14.1:compile (default-compile) @ data-generator-iterator-datetime ---
[INFO] Nothing to compile - all classes are up to date.
[INFO] 
[INFO] ---------< org.gensokyo.data.generator:data-generator-reader >----------
[INFO] Building data-generator-reader 3.0.0-SNAPSHOT                     [9/32]
[INFO]   from data-generator-reader\pom.xml
[INFO] --------------------------------[ pom ]---------------------------------
[INFO] 
[INFO] -----< org.gensokyo.data.generator:data-generator-reader-database >-----
[INFO] Building data-generator-reader-database 3.0.0-SNAPSHOT           [10/32]
[INFO]   from data-generator-reader\data-generator-reader-database\pom.xml
[INFO] --------------------------------[ jar ]---------------------------------
[INFO] 
[INFO] --- resources:3.3.1:resources (default-resources) @ data-generator-reader-database ---
[INFO] Copying 1 resource from src\main\resources to target\classes
[INFO] 
[INFO] --- compiler:3.14.1:compile (default-compile) @ data-generator-reader-database ---
[INFO] Nothing to compile - all classes are up to date.
[INFO] 
[INFO] ----< org.gensokyo.data.generator:data-generator-iterator-database >----
[INFO] Building data-generator-iterator-database 3.0.0-SNAPSHOT         [11/32]
[INFO]   from data-generator-iterator\data-generator-iterator-database\pom.xml
[INFO] --------------------------------[ jar ]---------------------------------
[INFO] 
[INFO] --- resources:3.3.1:resources (default-resources) @ data-generator-iterator-database ---
[INFO] Copying 1 resource from src\main\resources to target\classes
[INFO] 
[INFO] --- compiler:3.14.1:compile (default-compile) @ data-generator-iterator-database ---
[INFO] Nothing to compile - all classes are up to date.
[INFO] 
[INFO] -----< org.gensokyo.data.generator:data-generator-iterator-excel >------
[INFO] Building data-generator-iterator-excel 3.0.0-SNAPSHOT            [12/32]
[INFO]   from data-generator-iterator\data-generator-iterator-excel\pom.xml
[INFO] --------------------------------[ jar ]---------------------------------
[INFO] 
[INFO] --- resources:3.3.1:resources (default-resources) @ data-generator-iterator-excel ---
[INFO] Copying 1 resource from src\main\resources to target\classes
[INFO] 
[INFO] --- compiler:3.14.1:compile (default-compile) @ data-generator-iterator-excel ---
[INFO] Nothing to compile - all classes are up to date.
[INFO] 
[INFO] ------< org.gensokyo.data.generator:data-generator-iterator-csv >-------
[INFO] Building data-generator-iterator-csv 3.0.0-SNAPSHOT              [13/32]
[INFO]   from data-generator-iterator\data-generator-iterator-csv\pom.xml
[INFO] --------------------------------[ jar ]---------------------------------
[INFO] 
[INFO] --- resources:3.3.1:resources (default-resources) @ data-generator-iterator-csv ---
[INFO] Copying 1 resource from src\main\resources to target\classes
[INFO] 
[INFO] --- compiler:3.14.1:compile (default-compile) @ data-generator-iterator-csv ---
[INFO] Nothing to compile - all classes are up to date.
[INFO] 
[INFO] ------< org.gensokyo.data.generator:data-generator-iterator-json >------
[INFO] Building data-generator-iterator-json 3.0.0-SNAPSHOT             [14/32]
[INFO]   from data-generator-iterator\data-generator-iterator-json\pom.xml
[INFO] --------------------------------[ jar ]---------------------------------
[INFO] 
[INFO] --- resources:3.3.1:resources (default-resources) @ data-generator-iterator-json ---
[INFO] Copying 1 resource from src\main\resources to target\classes
[INFO] 
[INFO] --- compiler:3.14.1:compile (default-compile) @ data-generator-iterator-json ---
[INFO] Nothing to compile - all classes are up to date.
[INFO] 
[INFO] --------< org.gensokyo.data.generator:data-generator-generator >--------
[INFO] Building data-generator-generator 3.0.0-SNAPSHOT                 [15/32]
[INFO]   from data-generator-generator\pom.xml
[INFO] --------------------------------[ pom ]---------------------------------
[INFO] 
[INFO] -----< org.gensokyo.data.generator:data-generator-generator-async >-----
[INFO] Building data-generator-generator-async 3.0.0-SNAPSHOT           [16/32]
[INFO]   from data-generator-generator\data-generator-generator-async\pom.xml
[INFO] --------------------------------[ jar ]---------------------------------
[INFO] 
[INFO] --- resources:3.3.1:resources (default-resources) @ data-generator-generator-async ---
[INFO] Copying 1 resource from src\main\resources to target\classes
[INFO] 
[INFO] --- compiler:3.14.1:compile (default-compile) @ data-generator-generator-async ---
[INFO] Nothing to compile - all classes are up to date.
[INFO] 
[INFO] -----< org.gensokyo.data.generator:data-generator-generator-sync >------
[INFO] Building data-generator-generator-sync 3.0.0-SNAPSHOT            [17/32]
[INFO]   from data-generator-generator\data-generator-generator-sync\pom.xml
[INFO] --------------------------------[ jar ]---------------------------------
[INFO] 
[INFO] --- resources:3.3.1:resources (default-resources) @ data-generator-generator-sync ---
[INFO] Copying 1 resource from src\main\resources to target\classes
[INFO] 
[INFO] --- compiler:3.14.1:compile (default-compile) @ data-generator-generator-sync ---
[INFO] Nothing to compile - all classes are up to date.
[INFO] 
[INFO] ----------< org.gensokyo.data.generator:data-generator-stage >----------
[INFO] Building data-generator-stage 3.0.0-SNAPSHOT                     [18/32]
[INFO]   from data-generator-stage\pom.xml
[INFO] --------------------------------[ jar ]---------------------------------
[INFO] 
[INFO] --- resources:3.3.1:resources (default-resources) @ data-generator-stage ---
[INFO] Copying 1 resource from src\main\resources to target\classes
[INFO] 
[INFO] --- compiler:3.14.1:compile (default-compile) @ data-generator-stage ---
[INFO] Nothing to compile - all classes are up to date.
[INFO] 
[INFO] ----------< org.gensokyo.data.generator:data-generator-faker >----------
[INFO] Building data-generator-faker 3.0.0-SNAPSHOT                     [19/32]
[INFO]   from data-generator-faker\pom.xml
[INFO] --------------------------------[ jar ]---------------------------------
[INFO] 
[INFO] --- resources:3.3.1:resources (default-resources) @ data-generator-faker ---
[INFO] Copying 2 resources from src\main\resources to target\classes
[INFO] 
[INFO] --- compiler:3.14.1:compile (default-compile) @ data-generator-faker ---
[INFO] Nothing to compile - all classes are up to date.
[INFO] 
[INFO] -------< org.gensokyo.data.generator:data-generator-reader-spel >-------
[INFO] Building data-generator-reader-spel 3.0.0-SNAPSHOT               [20/32]
[INFO]   from data-generator-reader\data-generator-reader-spel\pom.xml
[INFO] --------------------------------[ jar ]---------------------------------
[INFO] 
[INFO] --- resources:3.3.1:resources (default-resources) @ data-generator-reader-spel ---
[INFO] Copying 1 resource from src\main\resources to target\classes
[INFO] 
[INFO] --- compiler:3.14.1:compile (default-compile) @ data-generator-reader-spel ---
[INFO] Nothing to compile - all classes are up to date.
[INFO] 
[INFO] --------< org.gensokyo.data.generator:data-generator-reader-ai >--------
[INFO] Building data-generator-reader-ai 3.0.0-SNAPSHOT                 [21/32]
[INFO]   from data-generator-reader\data-generator-reader-ai\pom.xml
[INFO] --------------------------------[ jar ]---------------------------------
[INFO] 
[INFO] --- resources:3.3.1:resources (default-resources) @ data-generator-reader-ai ---
[INFO] Copying 1 resource from src\main\resources to target\classes
[INFO] 
[INFO] --- compiler:3.14.1:compile (default-compile) @ data-generator-reader-ai ---
[INFO] Nothing to compile - all classes are up to date.
[INFO] 
[INFO] ------< org.gensokyo.data.generator:data-generator-reader-excel >-------
[INFO] Building data-generator-reader-excel 3.0.0-SNAPSHOT              [22/32]
[INFO]   from data-generator-reader\data-generator-reader-excel\pom.xml
[INFO] --------------------------------[ jar ]---------------------------------
[INFO] 
[INFO] --- resources:3.3.1:resources (default-resources) @ data-generator-reader-excel ---
[INFO] Copying 1 resource from src\main\resources to target\classes
[INFO] 
[INFO] --- compiler:3.14.1:compile (default-compile) @ data-generator-reader-excel ---
[INFO] Nothing to compile - all classes are up to date.
[INFO] 
[INFO] -------< org.gensokyo.data.generator:data-generator-reader-json >-------
[INFO] Building data-generator-reader-json 3.0.0-SNAPSHOT               [23/32]
[INFO]   from data-generator-reader\data-generator-reader-json\pom.xml
[INFO] --------------------------------[ jar ]---------------------------------
[INFO] 
[INFO] --- resources:3.3.1:resources (default-resources) @ data-generator-reader-json ---
[INFO] Copying 1 resource from src\main\resources to target\classes
[INFO] 
[INFO] --- compiler:3.14.1:compile (default-compile) @ data-generator-reader-json ---
[INFO] Nothing to compile - all classes are up to date.
[INFO] 
[INFO] -------< org.gensokyo.data.generator:data-generator-reader-csv >--------
[INFO] Building data-generator-reader-csv 3.0.0-SNAPSHOT                [24/32]
[INFO]   from data-generator-reader\data-generator-reader-csv\pom.xml
[INFO] --------------------------------[ jar ]---------------------------------
[INFO] 
[INFO] --- resources:3.3.1:resources (default-resources) @ data-generator-reader-csv ---
[INFO] Copying 1 resource from src\main\resources to target\classes
[INFO] 
[INFO] --- compiler:3.14.1:compile (default-compile) @ data-generator-reader-csv ---
[INFO] Nothing to compile - all classes are up to date.
[INFO] 
[INFO] --------< org.gensokyo.data.generator:data-generator-scripter >---------
[INFO] Building data-generator-scripter 3.0.0-SNAPSHOT                  [25/32]
[INFO]   from data-generator-scripter\pom.xml
[INFO] --------------------------------[ pom ]---------------------------------
[INFO] 
[INFO] ------< org.gensokyo.data.generator:data-generator-scripter-spel >------
[INFO] Building data-generator-scripter-spel 3.0.0-SNAPSHOT             [26/32]
[INFO]   from data-generator-scripter\data-generator-scripter-spel\pom.xml
[INFO] --------------------------------[ jar ]---------------------------------
[INFO] 
[INFO] --- resources:3.3.1:resources (default-resources) @ data-generator-scripter-spel ---
[INFO] Copying 1 resource from src\main\resources to target\classes
[INFO] 
[INFO] --- compiler:3.14.1:compile (default-compile) @ data-generator-scripter-spel ---
[INFO] Nothing to compile - all classes are up to date.
[INFO] 
[INFO] ---------< org.gensokyo.data.generator:data-generator-writer >----------
[INFO] Building data-generator-writer 3.0.0-SNAPSHOT                    [27/32]
[INFO]   from data-generator-writer\pom.xml
[INFO] --------------------------------[ pom ]---------------------------------
[INFO] 
[INFO] -----< org.gensokyo.data.generator:data-generator-writer-database >-----
[INFO] Building data-generator-writer-database 3.0.0-SNAPSHOT           [28/32]
[INFO]   from data-generator-writer\data-generator-writer-database\pom.xml
[INFO] --------------------------------[ jar ]---------------------------------
[INFO] 
[INFO] --- resources:3.3.1:resources (default-resources) @ data-generator-writer-database ---
[INFO] Copying 1 resource from src\main\resources to target\classes
[INFO] 
[INFO] --- compiler:3.14.1:compile (default-compile) @ data-generator-writer-database ---
[INFO] Nothing to compile - all classes are up to date.
[INFO] 
[INFO] ------< org.gensokyo.data.generator:data-generator-writer-kafka >-------
[INFO] Building data-generator-writer-kafka 3.0.0-SNAPSHOT              [29/32]
[INFO]   from data-generator-writer\data-generator-writer-kafka\pom.xml
[INFO] --------------------------------[ jar ]---------------------------------
[INFO] 
[INFO] --- resources:3.3.1:resources (default-resources) @ data-generator-writer-kafka ---
[INFO] Copying 1 resource from src\main\resources to target\classes
[INFO] 
[INFO] --- compiler:3.14.1:compile (default-compile) @ data-generator-writer-kafka ---
[INFO] Nothing to compile - all classes are up to date.
[INFO] 
[INFO] -------< org.gensokyo.data.generator:data-generator-writer-csv >--------
[INFO] Building data-generator-writer-csv 3.0.0-SNAPSHOT                [30/32]
[INFO]   from data-generator-writer\data-generator-writer-csv\pom.xml
[INFO] --------------------------------[ jar ]---------------------------------
[INFO] 
[INFO] --- resources:3.3.1:resources (default-resources) @ data-generator-writer-csv ---
[INFO] Copying 1 resource from src\main\resources to target\classes
[INFO] 
[INFO] --- compiler:3.14.1:compile (default-compile) @ data-generator-writer-csv ---
[INFO] Nothing to compile - all classes are up to date.
[INFO] 
[INFO] ------< org.gensokyo.data.generator:data-generator-writer-excel >-------
[INFO] Building data-generator-writer-excel 3.0.0-SNAPSHOT              [31/32]
[INFO]   from data-generator-writer\data-generator-writer-excel\pom.xml
[INFO] --------------------------------[ jar ]---------------------------------
[INFO] 
[INFO] --- resources:3.3.1:resources (default-resources) @ data-generator-writer-excel ---
[INFO] Copying 1 resource from src\main\resources to target\classes
[INFO] 
[INFO] --- compiler:3.14.1:compile (default-compile) @ data-generator-writer-excel ---
[INFO] Nothing to compile - all classes are up to date.
[INFO] 
[INFO] ---------< org.gensokyo.data.generator:data-generator-service >---------
[INFO] Building data-generator-service 3.0.0-SNAPSHOT                   [32/32]
[INFO]   from data-generator-service\pom.xml
[INFO] --------------------------------[ jar ]---------------------------------
[INFO] 
[INFO] --- resources:3.3.1:resources (default-resources) @ data-generator-service ---
[INFO] Copying 65 resources from src\main\resources to target\classes
[INFO] 
[INFO] --- compiler:3.14.1:compile (default-compile) @ data-generator-service ---
[INFO] Nothing to compile - all classes are up to date.
[INFO] ------------------------------------------------------------------------
[INFO] Reactor Summary for data-generator 3.0.0-SNAPSHOT:
[INFO] 
[INFO] data-generator ..................................... SUCCESS [  0.009 s]
[INFO] data-generator-common .............................. SUCCESS [  0.001 s]
[INFO] data-generator-core ................................ SUCCESS [  7.879 s]
[INFO] data-generator-database-core ....................... SUCCESS [  0.585 s]
[INFO] data-generator-iterator ............................ SUCCESS [  0.005 s]
[INFO] data-generator-iterator-number ..................... SUCCESS [  0.595 s]
[INFO] data-generator-iterator-constant ................... SUCCESS [  0.460 s]
[INFO] data-generator-iterator-datetime ................... SUCCESS [  0.438 s]
[INFO] data-generator-reader .............................. SUCCESS [  0.001 s]
[INFO] data-generator-reader-database ..................... SUCCESS [  1.080 s]
[INFO] data-generator-iterator-database ................... SUCCESS [  0.534 s]
[INFO] data-generator-iterator-excel ...................... SUCCESS [  1.079 s]
[INFO] data-generator-iterator-csv ........................ SUCCESS [  0.364 s]
[INFO] data-generator-iterator-json ....................... SUCCESS [  0.542 s]
[INFO] data-generator-generator ........................... SUCCESS [  0.002 s]
[INFO] data-generator-generator-async ..................... SUCCESS [  0.566 s]
[INFO] data-generator-generator-sync ...................... SUCCESS [  0.460 s]
[INFO] data-generator-stage ............................... SUCCESS [  0.434 s]
[INFO] data-generator-faker ............................... SUCCESS [  0.486 s]
[INFO] data-generator-reader-spel ......................... SUCCESS [  0.433 s]
[INFO] data-generator-reader-ai ........................... SUCCESS [  2.272 s]
[INFO] data-generator-reader-excel ........................ SUCCESS [  1.376 s]
[INFO] data-generator-reader-json ......................... SUCCESS [  0.840 s]
[INFO] data-generator-reader-csv .......................... SUCCESS [  0.593 s]
[INFO] data-generator-scripter ............................ SUCCESS [  0.001 s]
[INFO] data-generator-scripter-spel ....................... SUCCESS [  0.506 s]
[INFO] data-generator-writer .............................. SUCCESS [  0.000 s]
[INFO] data-generator-writer-database ..................... SUCCESS [  0.419 s]
[INFO] data-generator-writer-kafka ........................ SUCCESS [  0.552 s]
[INFO] data-generator-writer-csv .......................... SUCCESS [  0.332 s]
[INFO] data-generator-writer-excel ........................ SUCCESS [  0.369 s]
[INFO] data-generator-service ............................. SUCCESS [  1.917 s]
[INFO] ------------------------------------------------------------------------
[INFO] BUILD SUCCESS
[INFO] ------------------------------------------------------------------------
[INFO] Total time:  28.419 s
[INFO] Finished at: 2026-04-24T17:33:54+08:00
[INFO] ------------------------------------------------------------------------
